// Vitest Snapshot v1, https://vitest.dev/guide/snapshot.html

exports[`全表两平台输出（快照） > mac 1`] = `
{
  "admin.hero.save": "⌘↩",
  "admin.quick-capture": "⇧⌘Space",
  "admin.quick-capture.submit": "↩",
  "admin.quick-switcher": "⌘P",
  "admin.search": "⌘K",
  "blog.search": "⌘K",
  "code-block.auto-indent": "⇧⌘F",
  "code-block.diagram-mode": "⇧⌘P",
  "editor.find": "⌘F",
  "editor.focus": "F9",
  "editor.focus-exit": "Esc",
  "editor.html.tab": "⇥",
  "editor.markdown.bold": "⌘B",
  "editor.markdown.code": "⌘E",
  "editor.markdown.italic": "⌘I",
  "editor.markdown.link": "⌘K",
  "editor.markdown.list-continue": "↩",
  "editor.markdown.list-indent": "⇥",
  "editor.markdown.list-outdent": "⇧⇥",
  "editor.markdown.mention": "@",
  "editor.markdown.redo": "⇧⌘Z",
  "editor.markdown.strike": "⇧⌘X",
  "editor.markdown.table-next": "⇥",
  "editor.markdown.table-prev": "⇧⇥",
  "editor.markdown.table-row": "↩",
  "editor.markdown.underline": "⌘U",
  "editor.markdown.undo": "⌘Z",
  "editor.rich.align-center": "⇧⌘E",
  "editor.rich.align-left": "⇧⌘L",
  "editor.rich.align-right": "⇧⌘R",
  "editor.rich.bold": "⌘B",
  "editor.rich.code": "⌘E",
  "editor.rich.fullscreen-exit": "Esc",
  "editor.rich.h1": "⌥⌘1",
  "editor.rich.h2": "⌥⌘2",
  "editor.rich.h3": "⌥⌘3",
  "editor.rich.h4": "⌥⌘4",
  "editor.rich.h5": "⌥⌘5",
  "editor.rich.h6": "⌥⌘6",
  "editor.rich.indent": "⇥",
  "editor.rich.italic": "⌘I",
  "editor.rich.link": "⌘K",
  "editor.rich.mention": "@",
  "editor.rich.outdent": "⇧⇥",
  "editor.rich.paragraph": "⌥⌘0",
  "editor.rich.redo": "⇧⌘Z",
  "editor.rich.strike": "⇧⌘X",
  "editor.rich.subscript": "⌘,",
  "editor.rich.superscript": "⌘.",
  "editor.rich.underline": "⌘U",
  "editor.rich.undo": "⌘Z",
  "editor.save": "⌘S",
  "find.close": "Esc",
  "find.next": "↩",
  "find.prev": "⌘↩",
  "global.cheatsheet": "⌘/",
  "global.cheatsheet-alt": "?",
  "lightbox.close": "Esc",
  "lightbox.fit": "0",
  "lightbox.zoom-in": "+",
  "lightbox.zoom-out": "-",
  "menu.close": "Esc",
  "menu.down": "↓",
  "menu.select": "↩",
  "menu.up": "↑",
  "post.edit": "E",
  "post.edit-alt": "⌘E",
  "post.exit-edit": "Esc",
  "post.exit-focus": "Esc",
  "reader.epub.escape": "Esc",
  "reader.epub.first": "Home",
  "reader.epub.last": "End",
  "reader.epub.next": "→",
  "reader.epub.next-alt": "PgDn",
  "reader.epub.next-chapter": "⇧→",
  "reader.epub.note-save": "⌘↩",
  "reader.epub.page-next": "Space",
  "reader.epub.page-prev": "⇧Space",
  "reader.epub.prev": "←",
  "reader.epub.prev-alt": "PgUp",
  "reader.epub.prev-chapter": "⇧←",
  "reader.pdf.fullscreen-exit": "Esc",
  "reader.pptx.fullscreen-exit": "Esc",
  "reader.pptx.next": "→",
  "reader.pptx.next-alt": "PgDn",
  "reader.pptx.prev": "←",
  "reader.pptx.prev-alt": "PgUp",
}
`;

exports[`全表两平台输出（快照） > win 1`] = `
{
  "admin.hero.save": "Ctrl+Enter",
  "admin.quick-capture": "Ctrl+Shift+Space",
  "admin.quick-capture.submit": "Enter",
  "admin.quick-switcher": "Ctrl+P",
  "admin.search": "Ctrl+K",
  "blog.search": "Ctrl+K",
  "code-block.auto-indent": "Ctrl+Shift+F",
  "code-block.diagram-mode": "Ctrl+Shift+P",
  "editor.find": "Ctrl+F",
  "editor.focus": "F9",
  "editor.focus-exit": "Esc",
  "editor.html.tab": "Tab",
  "editor.markdown.bold": "Ctrl+B",
  "editor.markdown.code": "Ctrl+E",
  "editor.markdown.italic": "Ctrl+I",
  "editor.markdown.link": "Ctrl+K",
  "editor.markdown.list-continue": "Enter",
  "editor.markdown.list-indent": "Tab",
  "editor.markdown.list-outdent": "Shift+Tab",
  "editor.markdown.mention": "@",
  "editor.markdown.redo": "Ctrl+Shift+Z",
  "editor.markdown.strike": "Ctrl+Shift+X",
  "editor.markdown.table-next": "Tab",
  "editor.markdown.table-prev": "Shift+Tab",
  "editor.markdown.table-row": "Enter",
  "editor.markdown.underline": "Ctrl+U",
  "editor.markdown.undo": "Ctrl+Z",
  "editor.rich.align-center": "Ctrl+Shift+E",
  "editor.rich.align-left": "Ctrl+Shift+L",
  "editor.rich.align-right": "Ctrl+Shift+R",
  "editor.rich.bold": "Ctrl+B",
  "editor.rich.code": "Ctrl+E",
  "editor.rich.fullscreen-exit": "Esc",
  "editor.rich.h1": "Ctrl+Alt+1",
  "editor.rich.h2": "Ctrl+Alt+2",
  "editor.rich.h3": "Ctrl+Alt+3",
  "editor.rich.h4": "Ctrl+Alt+4",
  "editor.rich.h5": "Ctrl+Alt+5",
  "editor.rich.h6": "Ctrl+Alt+6",
  "editor.rich.indent": "Tab",
  "editor.rich.italic": "Ctrl+I",
  "editor.rich.link": "Ctrl+K",
  "editor.rich.mention": "@",
  "editor.rich.outdent": "Shift+Tab",
  "editor.rich.paragraph": "Ctrl+Alt+0",
  "editor.rich.redo": "Ctrl+Shift+Z",
  "editor.rich.strike": "Ctrl+Shift+X",
  "editor.rich.subscript": "Ctrl+,",
  "editor.rich.superscript": "Ctrl+.",
  "editor.rich.underline": "Ctrl+U",
  "editor.rich.undo": "Ctrl+Z",
  "editor.save": "Ctrl+S",
  "find.close": "Esc",
  "find.next": "Enter",
  "find.prev": "Ctrl+Enter",
  "global.cheatsheet": "Ctrl+/",
  "global.cheatsheet-alt": "?",
  "lightbox.close": "Esc",
  "lightbox.fit": "0",
  "lightbox.zoom-in": "+",
  "lightbox.zoom-out": "-",
  "menu.close": "Esc",
  "menu.down": "↓",
  "menu.select": "Enter",
  "menu.up": "↑",
  "post.edit": "E",
  "post.edit-alt": "Ctrl+E",
  "post.exit-edit": "Esc",
  "post.exit-focus": "Esc",
  "reader.epub.escape": "Esc",
  "reader.epub.first": "Home",
  "reader.epub.last": "End",
  "reader.epub.next": "→",
  "reader.epub.next-alt": "PgDn",
  "reader.epub.next-chapter": "Shift+→",
  "reader.epub.note-save": "Ctrl+Enter",
  "reader.epub.page-next": "Space",
  "reader.epub.page-prev": "Shift+Space",
  "reader.epub.prev": "←",
  "reader.epub.prev-alt": "PgUp",
  "reader.epub.prev-chapter": "Shift+←",
  "reader.pdf.fullscreen-exit": "Esc",
  "reader.pptx.fullscreen-exit": "Esc",
  "reader.pptx.next": "→",
  "reader.pptx.next-alt": "PgDn",
  "reader.pptx.prev": "←",
  "reader.pptx.prev-alt": "PgUp",
}
`;
